
> crm-lead-management-backend@1.0.0 test:e2e
> jest --config ./test/jest-e2e.json

node.exe : PASS test/auth.e2e-spec.ts (8.257 s)
At line:1 char:1
+ & "C:\Program Files\nodejs/node.exe" 
"C:\Program Files\nodejs/node_mo ...
+ ~~~~~~~~~~~~~~~~~~~~~~~~~~~~~~~~~~~~~~~~~~~~~~~~
~~~~~~~~~~~~~~~~~~~~~
    + CategoryInfo          : NotSpecified: (PASS 
    test/auth.e2e-spec.ts (8.257 s):String) [],   
  RemoteException
    + FullyQualifiedErrorId : NativeCommandError
 
PASS test/projects-tasks.e2e-spec.ts (8.34 s)
FAIL test/leads.e2e-spec.ts (8.484 s)
  ÔùÅ LeadsModule (e2e) ÔÇ║ 
/api/leads/:id/convert (POST) - Convert Lead to 
Opportunity

    expect(received).toBeDefined()

    Received: undefined

    [0m [90m 86 |[39m     
     [90m 87 |[39m     [90m// Check for the 
new format returning Deal/Opportunity layer 
entities[39m
    [31m[1m>[22m[39m[90m 88 |[39m     expect
(response[33m.[39mbody[33m.[39mdata[33m.[39m
opportunityId)[33m.[39mtoBeDefined()[33m;[39m
     [90m    |[39m                              
                [31m[1m^[22m[39m
     [90m 89 |[39m     [90m// 
accountId/contactId might be explicitly returned 
by the backend logic as per previous docs[39m
     [90m 90 |[39m   })[33m;[39m
     [90m 91 |[39m })[33m;[39m[0m

      at Object.<anonymous> 
(leads.e2e-spec.ts:88:46)

PASS test/financials-system.e2e-spec.ts (8.514 s)

Test Suites: 1 failed, 3 passed, 4 total
Tests:       1 failed, 17 passed, 18 total
Snapshots:   0 total
Time:        10.133 s
Ran all test suites.
